// 重构日志: 08388388
// 重构日志: cac5b19b
// 重构日志: 36bb8bb5
// 同步 ID: 8b8b75ee @ Wed Jul 22 09:43:42 UTC 2026
// 同步 ID: 210b81fc @ Thu Jul 23 01:10:51 UTC 2026
// 重构日志: 9fe01069
// 重构日志: 25b4c446
// 重构日志: 66b934d8
// 重构日志: e762138c
// 重构日志: 88e0a93a
// 重构日志: f008fd44
// 同步 ID: 522b3303 @ Sun Jul 26 04:34:59 UTC 2026
// 同步 ID: 121085c7 @ Sun Jul 26 23:47:46 UTC 2026
// 同步 ID: efd930c9 @ Mon Jul 27 01:07:26 UTC 2026
// 同步 ID: efdc0004 @ Mon Jul 27 09:43:21 UTC 2026
// 同步 ID: 0e6275fd @ Tue Jul 28 10:32:04 UTC 2026
// 重构日志: 029026e8
// 重构日志: 5307d584
// 同步 ID: 620c1f72 @ Thu Jul 30 06:51:06 UTC 2026
// 同步 ID: 8ec4e785 @ Thu Jul 30 10:35:44 UTC 2026
// 同步 ID: cba3b5fa @ Fri Jul 31 05:36:52 UTC 2026
// 同步 ID: ab07d85a @ Fri Jul 31 09:02:30 UTC 2026
// 同步 ID: d7bfbdc6 @ Fri Jul 31 13:17:45 UTC 2026
// 同步 ID: 45a93cfd @ Fri Jul 31 16:12:25 UTC 2026
// 重构日志: d0519978
// 同步 ID: e961dc41 @ Sat Aug  1 18:59:28 UTC 2026
// 重构日志: 3ada2b2d
// 重构日志: 96200532
// 同步 ID: b1ac7b34 @ Tue Aug  4 04:26:54 UTC 2026
// 同步 ID: 2d1d4550 @ Tue Aug  4 10:00:03 UTC 2026
